#-----------------------------------------------------------
# Vivado v2019.1 (64-bit)
# SW Build 2552052 on Fri May 24 14:49:42 MDT 2019
# IP Build 2548770 on Fri May 24 18:01:18 MDT 2019
# Start of session at: Mon Apr  5 18:35:40 2021
# Process ID: 11220
# Current directory: E:/Automatica si Calculatoare/Cod Lab AC/MIPS_16/test_env
# Command line: vivado.exe -gui_launcher_event rodinguilauncherevent13260 E:\Automatica si Calculatoare\Cod Lab AC\MIPS_16\test_env\test_env.xpr
# Log file: E:/Automatica si Calculatoare/Cod Lab AC/MIPS_16/test_env/vivado.log
# Journal file: E:/Automatica si Calculatoare/Cod Lab AC/MIPS_16/test_env\vivado.jou
#-----------------------------------------------------------
start_gui
open_project {E:/Automatica si Calculatoare/Cod Lab AC/MIPS_16/test_env/test_env.xpr}
update_compile_order -fileset sources_1
close [ open {E:/Automatica si Calculatoare/Cod Lab AC/MIPS_16/test_env/test_env.srcs/sources_1/new/UnitateExecutie.vhd} w ]
add_files {{E:/Automatica si Calculatoare/Cod Lab AC/MIPS_16/test_env/test_env.srcs/sources_1/new/UnitateExecutie.vhd}}
update_compile_order -fileset sources_1
# Disabling source management mode.  This is to allow the top design properties to be set without GUI intervention.
set_property source_mgmt_mode None [current_project]
set_property top UnitateExecutie [current_fileset]
# Re-enabling previously disabled source management mode.
set_property source_mgmt_mode All [current_project]
update_compile_order -fileset sources_1
reset_run synth_1
launch_runs synth_1 -jobs 6
wait_on_run synth_1
launch_runs impl_1 -jobs 6
wait_on_run impl_1
synth_design -rtl -name rtl_1
# Disabling source management mode.  This is to allow the top design properties to be set without GUI intervention.
set_property source_mgmt_mode None [current_project]
set_property top test_env [current_fileset]
# Re-enabling previously disabled source management mode.
set_property source_mgmt_mode All [current_project]
update_compile_order -fileset sources_1
update_compile_order -fileset sources_1
update_compile_order -fileset sources_1
update_compile_order -fileset sources_1
reset_run synth_1
launch_runs synth_1 -jobs 6
wait_on_run synth_1
launch_runs impl_1 -jobs 6
wait_on_run impl_1
launch_runs impl_1 -to_step write_bitstream -jobs 6
wait_on_run impl_1
reset_run impl_1
launch_runs impl_1 -jobs 6
wait_on_run impl_1
close [ open {E:/Automatica si Calculatoare/Cod Lab AC/MIPS_16/test_env/test_env.srcs/sources_1/new/MemorieDate.vhd} w ]
add_files {{E:/Automatica si Calculatoare/Cod Lab AC/MIPS_16/test_env/test_env.srcs/sources_1/new/MemorieDate.vhd}}
update_compile_order -fileset sources_1
update_compile_order -fileset sources_1
reset_run synth_1
launch_runs synth_1 -jobs 6
wait_on_run synth_1
launch_runs impl_1 -jobs 6
wait_on_run impl_1
launch_runs impl_1 -to_step write_bitstream -jobs 6
wait_on_run impl_1
